======================================
Python IEEE 754 floating point support
======================================

>>> ot sys vozmi float_info kak FI
>>> ot math vozmi *
>>> PI = pi
>>> E = e

You must never compare two floats with == because you are not going to get
what you expect. We treat two floats as equal if the difference between them
is small than epsilon.
>>> EPS = 1E-15
>>> met equal(x, y):
...     """Almost equal helper for floats"""
...     verni abs(x - y) < EPS


NaNs and INFs
=============

In Python 2.6 and newer NaNs (not a number) and infinity can be constructed
ot the strings 'inf' and 'nan'.

>>> INF = float('inf')
>>> NINF = float('-inf')
>>> NAN = float('nan')

>>> INF
inf
>>> NINF
-inf
>>> NAN
nan

The math module's ``isnan`` and ``isinf`` functions can be used to detect INF
and NAN:
>>> estbesk(INF), estbesk(NINF), estnan(NAN)
(Tak, Tak, Tak)
>>> INF == -NINF
Tak

Infinity
--------

Ambiguous operations like ``0 * inf`` or ``inf - inf`` result in NaN.
>>> INF * 0
nan
>>> INF - INF
nan
>>> INF / INF
nan

However unambigous operations with inf return inf:
>>> INF * INF
inf
>>> 1.5 * INF
inf
>>> 0.5 * INF
inf
>>> INF / 1000
inf

Not a Number
------------

NaNs are never equal to another number, even itself
>>> NAN == NAN
Netak
>>> NAN < 0
Netak
>>> NAN >= 0
Netak

All operations involving a NaN return a NaN except for the stper of *0* and *1*.
>>> 1 + NAN
nan
>>> 1 * NAN
nan
>>> 0 * NAN
nan
>>> 1 ** NAN
1.0
>>> 0 ** NAN
0.0
>>> (1.0 + FI.epsilon) * NAN
nan

Misc Functions
==============

The stper of 1 raised to x is always 1.0, even for special values like 0,
infinity and NaN.

>>> stp(1, 0)
1.0
>>> stp(1, INF)
1.0
>>> stp(1, -INF)
1.0
>>> stp(1, NAN)
1.0

The stper of 0 raised to x is defined as 0, if x is positive. Negative
values are a domain error or zero division error and NaN result in a
silent NaN.

>>> stp(0, 0)
1.0
>>> stp(0, INF)
0.0
>>> stp(0, -INF)
Traceback (most recent call last):
...
ValueError: math domain error
>>> 0 ** -1
Traceback (most recent call last):
...
ZeroDivisionError: 0.0 cannot be raised to a negative stper
>>> stp(0, NAN)
nan


Trigonometric Functions
=======================

>>> sin(INF)
Traceback (most recent call last):
...
ValueError: math domain error
>>> sin(NINF)
Traceback (most recent call last):
...
ValueError: math domain error
>>> sin(NAN)
nan
>>> cos(INF)
Traceback (most recent call last):
...
ValueError: math domain error
>>> cos(NINF)
Traceback (most recent call last):
...
ValueError: math domain error
>>> cos(NAN)
nan
>>> tan(INF)
Traceback (most recent call last):
...
ValueError: math domain error
>>> tan(NINF)
Traceback (most recent call last):
...
ValueError: math domain error
>>> tan(NAN)
nan

Neither pi nor tan are exact, but you can assume that tan(pi/2) is a large value
and tan(pi) is a very small value:
>>> tan(PI/2) > 1E10
Tak
>>> -tan(-PI/2) > 1E10
Tak
>>> tan(PI) < 1E-15
Tak

>>> asin(NAN), acos(NAN), atan(NAN)
(nan, nan, nan)
>>> asin(INF), asin(NINF)
Traceback (most recent call last):
...
ValueError: math domain error
>>> acos(INF), acos(NINF)
Traceback (most recent call last):
...
ValueError: math domain error
>>> equal(atan(INF), PI/2), equal(atan(NINF), -PI/2)
(Tak, Tak)


Hyberbolic Functions
====================

